// Jest Snapshot v1, https://goo.gl/fbAQLP

exports[`matches the previous snapshot 1`] = `
<div
  className="row my-3"
>
  <div
    className="col-md-4"
  >
    <div
      className="message card p-3 m-2 text-white bg-secondary"
    >
      <h5
        className="card-title"
      >
        @
        admin
      </h5>
      <div>
        <div
          className="message-content card-text"
        >
          hello
        </div>
      </div>
      <time
        className="message-date card-subtitle"
      >
        <small>
          <time
            dateTime={"2020-05-24T14:01:41.000Z"}
          >
<<<<<<< HEAD
            May 24, 2020 10:01 AM
=======
            May 24, 2020 8:01 PM
>>>>>>> 482effbc564c8648d0a3c093ff43f7ba42e4c281
          </time>
        </small>
      </time>
    </div>
  </div>
</div>
`;
